[36m
ΓòÉΓòÉΓòÉΓòÉΓòÉΓòÉΓòÉΓòÉΓòÉΓòÉΓòÉΓòÉΓòÉΓòÉΓòÉΓòÉΓòÉΓòÉΓòÉΓòÉΓòÉΓòÉΓòÉΓòÉΓòÉΓòÉΓòÉΓòÉΓòÉΓòÉΓòÉΓòÉΓòÉΓòÉΓòÉΓòÉΓòÉΓòÉΓòÉΓòÉΓòÉΓòÉΓòÉΓòÉΓòÉΓòÉΓòÉΓòÉΓòÉΓòÉΓòÉ[0m
[36m  Carbon Credit Marketplace ΓÇö API Test Suite[0m
[36mΓòÉΓòÉΓòÉΓòÉΓòÉΓòÉΓòÉΓòÉΓòÉΓòÉΓòÉΓòÉΓòÉΓòÉΓòÉΓòÉΓòÉΓòÉΓòÉΓòÉΓòÉΓòÉΓòÉΓòÉΓòÉΓòÉΓòÉΓòÉΓòÉΓòÉΓòÉΓòÉΓòÉΓòÉΓòÉΓòÉΓòÉΓòÉΓòÉΓòÉΓòÉΓòÉΓòÉΓòÉΓòÉΓòÉΓòÉΓòÉΓòÉΓòÉΓòÉ
[0m
[33mΓöÇΓöÇ 0. Health Check[0m
[32m  Γ£ö GET /../  [200][0m
[33m
ΓöÇΓöÇ 1. Auth ΓÇö Register & Login[0m
[31m  Γ£ÿ FAIL POST /auth/register  ΓåÆ expected 201, got 500: {"message":"Registration failed"}[0m
[31m  Γ£ÿ FAIL POST /auth/register  ΓåÆ expected 201, got 500: {"message":"Registration failed"}[0m
[31m  Γ£ÿ FAIL POST /auth/register  ΓåÆ expected 201, got 500: {"message":"Registration failed"}[0m
[31m  Γ£ÿ FAIL POST /auth/register  ΓåÆ expected 201, got 500: {"message":"Registration failed"}[0m
[31m  Γ£ÿ FAIL POST /auth/login  ΓåÆ expected 200, got 404: {"message":"User not found"}[0m
[31m  Γ£ÿ FAIL POST /auth/login  ΓåÆ expected 200, got 404: {"message":"User not found"}[0m
[31m  Γ£ÿ FAIL POST /auth/login  ΓåÆ expected 200, got 404: {"message":"User not found"}[0m
[31m  Γ£ÿ FAIL POST /auth/login  ΓåÆ expected 200, got 404: {"message":"User not found"}[0m
[31m
  Γ¢ö Login tokens missing ΓÇö check auth controller. Aborting remaining tests.[0m
[36m
ΓòÉΓòÉΓòÉΓòÉΓòÉΓòÉΓòÉΓòÉΓòÉΓòÉΓòÉΓòÉΓòÉΓòÉΓòÉΓòÉΓòÉΓòÉΓòÉΓòÉΓòÉΓòÉΓòÉΓòÉΓòÉΓòÉΓòÉΓòÉΓòÉΓòÉΓòÉΓòÉΓòÉΓòÉΓòÉΓòÉΓòÉΓòÉΓòÉΓòÉΓòÉΓòÉΓòÉΓòÉΓòÉΓòÉΓòÉΓòÉΓòÉΓòÉΓòÉ[0m
[36m  RESULTS[0m
[36mΓòÉΓòÉΓòÉΓòÉΓòÉΓòÉΓòÉΓòÉΓòÉΓòÉΓòÉΓòÉΓòÉΓòÉΓòÉΓòÉΓòÉΓòÉΓòÉΓòÉΓòÉΓòÉΓòÉΓòÉΓòÉΓòÉΓòÉΓòÉΓòÉΓòÉΓòÉΓòÉΓòÉΓòÉΓòÉΓòÉΓòÉΓòÉΓòÉΓòÉΓòÉΓòÉΓòÉΓòÉΓòÉΓòÉΓòÉΓòÉΓòÉΓòÉΓòÉ[0m
[32m  Γ£ö Passed: 1[0m
[31m  Γ£ÿ Failed: 8[0m
[33m
  Issues Found:[0m
[31m    1. FAIL POST /auth/register  ΓåÆ expected 201, got 500: {"message":"Registration failed"}[0m
[31m    2. FAIL POST /auth/register  ΓåÆ expected 201, got 500: {"message":"Registration failed"}[0m
[31m    3. FAIL POST /auth/register  ΓåÆ expected 201, got 500: {"message":"Registration failed"}[0m
[31m    4. FAIL POST /auth/register  ΓåÆ expected 201, got 500: {"message":"Registration failed"}[0m
[31m    5. FAIL POST /auth/login  ΓåÆ expected 200, got 404: {"message":"User not found"}[0m
[31m    6. FAIL POST /auth/login  ΓåÆ expected 200, got 404: {"message":"User not found"}[0m
[31m    7. FAIL POST /auth/login  ΓåÆ expected 200, got 404: {"message":"User not found"}[0m
[31m    8. FAIL POST /auth/login  ΓåÆ expected 200, got 404: {"message":"User not found"}[0m
[36mΓòÉΓòÉΓòÉΓòÉΓòÉΓòÉΓòÉΓòÉΓòÉΓòÉΓòÉΓòÉΓòÉΓòÉΓòÉΓòÉΓòÉΓòÉΓòÉΓòÉΓòÉΓòÉΓòÉΓòÉΓòÉΓòÉΓòÉΓòÉΓòÉΓòÉΓòÉΓòÉΓòÉΓòÉΓòÉΓòÉΓòÉΓòÉΓòÉΓòÉΓòÉΓòÉΓòÉΓòÉΓòÉΓòÉΓòÉΓòÉΓòÉΓòÉΓòÉ
[0m
